------------------------------------------------------------
Timing Analyzer Summary
------------------------------------------------------------

Type  : Slow 1200mV 85C Model Setup 'clk'
Slack : -4.544
TNS   : -239.175

Type  : Slow 1200mV 85C Model Setup 'clock:TIME|clkone_gen:U0|clk1'
Slack : -2.555
TNS   : -46.632

Type  : Slow 1200mV 85C Model Hold 'clock:TIME|clkone_gen:U0|clk1'
Slack : 0.434
TNS   : 0.000

Type  : Slow 1200mV 85C Model Hold 'clk'
Slack : 0.454
TNS   : 0.000

Type  : Slow 1200mV 85C Model Minimum Pulse Width 'clk'
Slack : -3.000
TNS   : -156.161

Type  : Slow 1200mV 85C Model Minimum Pulse Width 'clock:TIME|clkone_gen:U0|clk1'
Slack : -1.487
TNS   : -35.688

Type  : Slow 1200mV 0C Model Setup 'clk'
Slack : -4.250
TNS   : -215.605

Type  : Slow 1200mV 0C Model Setup 'clock:TIME|clkone_gen:U0|clk1'
Slack : -2.342
TNS   : -42.253

Type  : Slow 1200mV 0C Model Hold 'clock:TIME|clkone_gen:U0|clk1'
Slack : 0.384
TNS   : 0.000

Type  : Slow 1200mV 0C Model Hold 'clk'
Slack : 0.402
TNS   : 0.000

Type  : Slow 1200mV 0C Model Minimum Pulse Width 'clk'
Slack : -3.000
TNS   : -156.161

Type  : Slow 1200mV 0C Model Minimum Pulse Width 'clock:TIME|clkone_gen:U0|clk1'
Slack : -1.487
TNS   : -35.703

Type  : Fast 1200mV 0C Model Setup 'clk'
Slack : -1.402
TNS   : -50.925

Type  : Fast 1200mV 0C Model Setup 'clock:TIME|clkone_gen:U0|clk1'
Slack : -0.570
TNS   : -8.386

Type  : Fast 1200mV 0C Model Hold 'clock:TIME|clkone_gen:U0|clk1'
Slack : 0.179
TNS   : 0.000

Type  : Fast 1200mV 0C Model Hold 'clk'
Slack : 0.187
TNS   : 0.000

Type  : Fast 1200mV 0C Model Minimum Pulse Width 'clk'
Slack : -3.000
TNS   : -112.965

Type  : Fast 1200mV 0C Model Minimum Pulse Width 'clock:TIME|clkone_gen:U0|clk1'
Slack : -1.000
TNS   : -24.000

------------------------------------------------------------
