------------------------------------------------------------
Timing Analyzer Summary
------------------------------------------------------------

Type  : Slow 1200mV 85C Model Setup 'clk'
Slack : -4.712
TNS   : -259.461

Type  : Slow 1200mV 85C Model Setup 'clock:TIME|clkone_gen:U0|clk1'
Slack : -1.772
TNS   : -15.148

Type  : Slow 1200mV 85C Model Hold 'clk'
Slack : 0.452
TNS   : 0.000

Type  : Slow 1200mV 85C Model Hold 'clock:TIME|clkone_gen:U0|clk1'
Slack : 0.465
TNS   : 0.000

Type  : Slow 1200mV 85C Model Minimum Pulse Width 'clk'
Slack : -3.000
TNS   : -156.161

Type  : Slow 1200mV 85C Model Minimum Pulse Width 'clock:TIME|clkone_gen:U0|clk1'
Slack : -1.487
TNS   : -13.383

Type  : Slow 1200mV 0C Model Setup 'clk'
Slack : -4.473
TNS   : -235.502

Type  : Slow 1200mV 0C Model Setup 'clock:TIME|clkone_gen:U0|clk1'
Slack : -1.525
TNS   : -13.037

Type  : Slow 1200mV 0C Model Hold 'clk'
Slack : 0.401
TNS   : 0.000

Type  : Slow 1200mV 0C Model Hold 'clock:TIME|clkone_gen:U0|clk1'
Slack : 0.416
TNS   : 0.000

Type  : Slow 1200mV 0C Model Minimum Pulse Width 'clk'
Slack : -3.000
TNS   : -156.161

Type  : Slow 1200mV 0C Model Minimum Pulse Width 'clock:TIME|clkone_gen:U0|clk1'
Slack : -1.487
TNS   : -13.383

Type  : Fast 1200mV 0C Model Setup 'clk'
Slack : -1.538
TNS   : -58.435

Type  : Fast 1200mV 0C Model Setup 'clock:TIME|clkone_gen:U0|clk1'
Slack : -0.204
TNS   : -1.252

Type  : Fast 1200mV 0C Model Hold 'clk'
Slack : 0.186
TNS   : 0.000

Type  : Fast 1200mV 0C Model Hold 'clock:TIME|clkone_gen:U0|clk1'
Slack : 0.193
TNS   : 0.000

Type  : Fast 1200mV 0C Model Minimum Pulse Width 'clk'
Slack : -3.000
TNS   : -112.883

Type  : Fast 1200mV 0C Model Minimum Pulse Width 'clock:TIME|clkone_gen:U0|clk1'
Slack : -1.000
TNS   : -9.000

------------------------------------------------------------
