------------------------------------------------------------
Timing Analyzer Summary
------------------------------------------------------------

Type  : Slow 1200mV 85C Model Setup 'clk'
Slack : -4.359
TNS   : -252.709

Type  : Slow 1200mV 85C Model Setup 'clock:TIME|clkone_gen:U0|clk1'
Slack : -2.510
TNS   : -32.093

Type  : Slow 1200mV 85C Model Hold 'clk'
Slack : 0.454
TNS   : 0.000

Type  : Slow 1200mV 85C Model Hold 'clock:TIME|clkone_gen:U0|clk1'
Slack : 0.454
TNS   : 0.000

Type  : Slow 1200mV 85C Model Minimum Pulse Width 'clk'
Slack : -3.000
TNS   : -156.161

Type  : Slow 1200mV 85C Model Minimum Pulse Width 'clock:TIME|clkone_gen:U0|clk1'
Slack : -1.487
TNS   : -26.766

Type  : Slow 1200mV 0C Model Setup 'clk'
Slack : -4.100
TNS   : -228.582

Type  : Slow 1200mV 0C Model Setup 'clock:TIME|clkone_gen:U0|clk1'
Slack : -2.240
TNS   : -28.536

Type  : Slow 1200mV 0C Model Hold 'clk'
Slack : 0.402
TNS   : 0.000

Type  : Slow 1200mV 0C Model Hold 'clock:TIME|clkone_gen:U0|clk1'
Slack : 0.402
TNS   : 0.000

Type  : Slow 1200mV 0C Model Minimum Pulse Width 'clk'
Slack : -3.000
TNS   : -156.161

Type  : Slow 1200mV 0C Model Minimum Pulse Width 'clock:TIME|clkone_gen:U0|clk1'
Slack : -1.487
TNS   : -26.766

Type  : Fast 1200mV 0C Model Setup 'clk'
Slack : -1.401
TNS   : -56.318

Type  : Fast 1200mV 0C Model Setup 'clock:TIME|clkone_gen:U0|clk1'
Slack : -0.475
TNS   : -4.098

Type  : Fast 1200mV 0C Model Hold 'clk'
Slack : 0.187
TNS   : 0.000

Type  : Fast 1200mV 0C Model Hold 'clock:TIME|clkone_gen:U0|clk1'
Slack : 0.188
TNS   : 0.000

Type  : Fast 1200mV 0C Model Minimum Pulse Width 'clk'
Slack : -3.000
TNS   : -112.631

Type  : Fast 1200mV 0C Model Minimum Pulse Width 'clock:TIME|clkone_gen:U0|clk1'
Slack : -1.000
TNS   : -18.000

------------------------------------------------------------
